../Core/Src/main.c:82:5:main	48	static
../Core/Src/main.c:179:6:SystemClock_Config	112	static
../Core/Src/main.c:225:13:MX_TIM1_Init	80	static
../Core/Src/main.c:290:13:MX_TIM2_Init	64	static
../Core/Src/main.c:339:13:MX_TIM3_Init	48	static
../Core/Src/main.c:388:13:MX_TIM14_Init	40	static
../Core/Src/main.c:434:13:MX_TIM15_Init	80	static
../Core/Src/main.c:499:13:MX_USART1_UART_Init	8	static
../Core/Src/main.c:532:13:MX_DMA_Init	16	static
../Core/Src/main.c:550:13:MX_GPIO_Init	48	static
../Core/Src/main.c:593:6:Error_Handler	8	static,ignoring_inline_asm
